// Jest Snapshot v1, https://goo.gl/fbAQLP

exports[`branded-button tests renders correctly 1`] = `
<View
  style={
    Object {
      "opacity": 1,
    }
  }
>
  <View
    accessibilityRole="button"
    accessible={true}
    focusable={true}
    forwardedRef={[Function]}
    onClick={[Function]}
    onResponderGrant={[Function]}
    onResponderMove={[Function]}
    onResponderRelease={[Function]}
    onResponderTerminate={[Function]}
    onResponderTerminationRequest={[Function]}
    onStartShouldSetResponder={[Function]}
    style={
      Object {
        "alignItems": "center",
        "alignSelf": "stretch",
        "backgroundColor": "#024364",
        "borderBottomWidth": null,
        "borderColor": "#007aff",
        "borderLeftWidth": null,
        "borderRadius": 28,
        "borderRightWidth": null,
        "borderTopWidth": null,
        "borderWidth": undefined,
        "elevation": 0,
        "flexDirection": "row",
        "height": 56,
        "justifyContent": "center",
        "opacity": 1,
        "paddingBottom": 6,
        "paddingTop": 6,
        "shadowColor": undefined,
        "shadowOffset": undefined,
        "shadowOpacity": undefined,
        "shadowRadius": undefined,
      }
    }
    testID="buttonTestID"
  >
    <Text
      style={
        Array [
          Object {
            "color": "#24262B",
            "fontFamily": "SofiaPro-Light",
            "fontSize": 16,
            "lineHeight": 24,
          },
          Object {
            "color": "#FFFFFF",
          },
        ]
      }
    >
      This is a branded button
    </Text>
  </View>
</View>
`;
